python.exe : E:\pixel 
pirates\pixel-pirates\backend\app\services\study_material_service.py:12: 
FutureWarning: 
At line:1 char:47
+ ... \backend" ; & "./venv/Scripts/python.exe" test_study_materials.py 2>& ...
+                 ~~~~~~~~~~~~~~~~~~~~~~~~~~~~~~~~~~~~~~~~~~~~~~~~~~~~~~~~~
    + CategoryInfo          : NotSpecified: (E:\pixel pirate...FutureWarning:  
   :String) [], RemoteException
    + FullyQualifiedErrorId : NativeCommandError
 

All support for the `google.generativeai` package has ended. It will no longer 
be receiving 
updates or bug fixes. Please switch to the `google.genai` package as soon as 
possible.
See README for more details:

https://github.com/google-gemini/deprecated-generative-ai-python/blob/main/READ
ME.md

  import google.generativeai as genai
Error generating intermediate explanation: 429 You exceeded your current 
quota, please check your plan and billing details. For more information on 
this error, head to: https://ai.google.dev/gemini-api/docs/rate-limits. To 
monitor your current usage, head to: https://ai.dev/rate-limit. 
* Quota exceeded for metric: 
generativelanguage.googleapis.com/generate_content_free_tier_requests, limit: 
20, model: gemini-2.5-flash
Please retry in 58.305851436s. [links {
  description: "Learn more about Gemini API quotas"
  url: "https://ai.google.dev/gemini-api/docs/rate-limits"
}
, violations {
  quota_metric: 
"generativelanguage.googleapis.com/generate_content_free_tier_requests"
  quota_id: "GenerateRequestsPerDayPerProjectPerModel-FreeTier"
  quota_dimensions {
    key: "model"
    value: "gemini-2.5-flash"
  }
  quota_dimensions {
    key: "location"
    value: "global"
  }
  quota_value: 20
}
, retry_delay {
  seconds: 58
}
]
Error generating expert explanation: 429 You exceeded your current quota, 
please check your plan and billing details. For more information on this 
error, head to: https://ai.google.dev/gemini-api/docs/rate-limits. To monitor 
your current usage, head to: https://ai.dev/rate-limit. 
* Quota exceeded for metric: 
generativelanguage.googleapis.com/generate_content_free_tier_requests, limit: 
20, model: gemini-2.5-flash
Please retry in 15.669058303s. [links {
  description: "Learn more about Gemini API quotas"
  url: "https://ai.google.dev/gemini-api/docs/rate-limits"
}
, violations {
  quota_metric: 
"generativelanguage.googleapis.com/generate_content_free_tier_requests"
  quota_id: "GenerateRequestsPerDayPerProjectPerModel-FreeTier"
  quota_dimensions {
    key: "model"
    value: "gemini-2.5-flash"
  }
  quota_dimensions {
    key: "location"
    value: "global"
  }
  quota_value: 20
}
, retry_delay {
  seconds: 15
}
]
Error generating key concepts: 429 You exceeded your current quota, please 
check your plan and billing details. For more information on this error, head 
to: https://ai.google.dev/gemini-api/docs/rate-limits. To monitor your current 
usage, head to: https://ai.dev/rate-limit. 
* Quota exceeded for metric: 
generativelanguage.googleapis.com/generate_content_free_tier_requests, limit: 
20, model: gemini-2.5-flash
Please retry in 14.746380555s. [links {
  description: "Learn more about Gemini API quotas"
  url: "https://ai.google.dev/gemini-api/docs/rate-limits"
}
, violations {
  quota_metric: 
"generativelanguage.googleapis.com/generate_content_free_tier_requests"
  quota_id: "GenerateRequestsPerDayPerProjectPerModel-FreeTier"
  quota_dimensions {
    key: "model"
    value: "gemini-2.5-flash"
  }
  quota_dimensions {
    key: "location"
    value: "global"
  }
  quota_value: 20
}
, retry_delay {
  seconds: 14
}
]
Error generating practice questions: 429 You exceeded your current quota, 
please check your plan and billing details. For more information on this 
error, head to: https://ai.google.dev/gemini-api/docs/rate-limits. To monitor 
your current usage, head to: https://ai.dev/rate-limit. 
* Quota exceeded for metric: 
generativelanguage.googleapis.com/generate_content_free_tier_requests, limit: 
20, model: gemini-2.5-flash
Please retry in 13.842072981s. [links {
  description: "Learn more about Gemini API quotas"
  url: "https://ai.google.dev/gemini-api/docs/rate-limits"
}
, violations {
  quota_metric: 
"generativelanguage.googleapis.com/generate_content_free_tier_requests"
  quota_id: "GenerateRequestsPerDayPerProjectPerModel-FreeTier"
  quota_dimensions {
    key: "model"
    value: "gemini-2.5-flash"
  }
  quota_dimensions {
    key: "location"
    value: "global"
  }
  quota_value: 20
}
, retry_delay {
  seconds: 13
}
]
Error generating real-world examples: 429 You exceeded your current quota, 
please check your plan and billing details. For more information on this 
error, head to: https://ai.google.dev/gemini-api/docs/rate-limits. To monitor 
your current usage, head to: https://ai.dev/rate-limit. 
* Quota exceeded for metric: 
generativelanguage.googleapis.com/generate_content_free_tier_requests, limit: 
20, model: gemini-2.5-flash
Please retry in 12.895952334s. [links {
  description: "Learn more about Gemini API quotas"
  url: "https://ai.google.dev/gemini-api/docs/rate-limits"
}
, violations {
  quota_metric: 
"generativelanguage.googleapis.com/generate_content_free_tier_requests"
  quota_id: "GenerateRequestsPerDayPerProjectPerModel-FreeTier"
  quota_dimensions {
    key: "model"
    value: "gemini-2.5-flash"
  }
  quota_dimensions {
    key: "location"
    value: "global"
  }
  quota_value: 20
}
, retry_delay {
  seconds: 12
}
]
Error analyzing user understanding: 429 You exceeded your current quota, 
please check your plan and billing details. For more information on this 
error, head to: https://ai.google.dev/gemini-api/docs/rate-limits. To monitor 
your current usage, head to: https://ai.dev/rate-limit. 
* Quota exceeded for metric: 
generativelanguage.googleapis.com/generate_content_free_tier_requests, limit: 
20, model: gemini-2.5-flash
Please retry in 12.432661868s. [links {
  description: "Learn more about Gemini API quotas"
  url: "https://ai.google.dev/gemini-api/docs/rate-limits"
}
, violations {
  quota_metric: 
"generativelanguage.googleapis.com/generate_content_free_tier_requests"
  quota_id: "GenerateRequestsPerDayPerProjectPerModel-FreeTier"
  quota_dimensions {
    key: "model"
    value: "gemini-2.5-flash"
  }
  quota_dimensions {
    key: "location"
    value: "global"
  }
  quota_value: 20
}
, retry_delay {
  seconds: 12
}
]
Error generating beginner explanation: 429 You exceeded your current quota, 
please check your plan and billing details. For more information on this 
error, head to: https://ai.google.dev/gemini-api/docs/rate-limits. To monitor 
your current usage, head to: https://ai.dev/rate-limit. 
* Quota exceeded for metric: 
generativelanguage.googleapis.com/generate_content_free_tier_requests, limit: 
20, model: gemini-2.5-flash
Please retry in 11.934740279s. [links {
  description: "Learn more about Gemini API quotas"
  url: "https://ai.google.dev/gemini-api/docs/rate-limits"
}
, violations {
  quota_metric: 
"generativelanguage.googleapis.com/generate_content_free_tier_requests"
  quota_id: "GenerateRequestsPerDayPerProjectPerModel-FreeTier"
  quota_dimensions {
    key: "model"
    value: "gemini-2.5-flash"
  }
  quota_dimensions {
    key: "location"
    value: "global"
  }
  quota_value: 20
}
, retry_delay {
  seconds: 11
}
]
Error generating intermediate explanation: 429 You exceeded your current 
quota, please check your plan and billing details. For more information on 
this error, head to: https://ai.google.dev/gemini-api/docs/rate-limits. To 
monitor your current usage, head to: https://ai.dev/rate-limit. 
* Quota exceeded for metric: 
generativelanguage.googleapis.com/generate_content_free_tier_requests, limit: 
20, model: gemini-2.5-flash
Please retry in 11.014456381s. [links {
  description: "Learn more about Gemini API quotas"
  url: "https://ai.google.dev/gemini-api/docs/rate-limits"
}
, violations {
  quota_metric: 
"generativelanguage.googleapis.com/generate_content_free_tier_requests"
  quota_id: "GenerateRequestsPerDayPerProjectPerModel-FreeTier"
  quota_dimensions {
    key: "model"
    value: "gemini-2.5-flash"
